Command line invocation:
    /Applications/Xcode.app/Contents/Developer/usr/bin/xcodebuild -project RG10.xcodeproj -scheme RG10 -destination "platform=iOS Simulator,name=iPhone 16" build

Resolve Package Graph


Resolved source packages:
  Promises: https://github.com/google/promises.git @ 2.4.0
  Stripe: https://github.com/stripe/stripe-ios.git @ 24.24.3
  swift-clocks: https://github.com/pointfreeco/swift-clocks @ 1.0.6
  swift-crypto: https://github.com/apple/swift-crypto.git @ 3.15.0
  GoogleSignIn: https://github.com/google/GoogleSignIn-iOS @ 9.0.0
  GTMAppAuth: https://github.com/google/GTMAppAuth.git @ 5.0.0
  AppCheck: https://github.com/google/app-check.git @ 11.2.0
  swift-asn1: https://github.com/apple/swift-asn1.git @ 1.4.0
  GoogleUtilities: https://github.com/google/GoogleUtilities.git @ 8.1.0
  swift-concurrency-extras: https://github.com/pointfreeco/swift-concurrency-extras @ 1.3.2
  GTMSessionFetcher: https://github.com/google/gtm-session-fetcher.git @ 3.5.0
  swift-http-types: https://github.com/apple/swift-http-types.git @ 1.4.0
  xctest-dynamic-overlay: https://github.com/pointfreeco/xctest-dynamic-overlay @ 1.6.1
  Supabase: https://github.com/supabase/supabase-swift.git @ 2.31.2
  AppAuth: https://github.com/openid/AppAuth-iOS.git @ 2.0.0

ComputePackagePrebuildTargetDependencyGraph

Prepare packages

CreateBuildRequest

SendProjectDescription

CreateBuildOperation

ComputeTargetDependencyGraph
note: Building targets in dependency order
note: Target dependency graph (79 targets)
    Target 'RG10' in project 'RG10'
        ➜ Explicit dependency on target 'Supabase' in project 'Supabase'
        ➜ Explicit dependency on target 'StripePayments' in project 'Stripe'
        ➜ Explicit dependency on target 'Storage' in project 'Supabase'
        ➜ Explicit dependency on target 'GoogleSignInSwift' in project 'GoogleSignIn'
        ➜ Explicit dependency on target 'StripeApplePay' in project 'Stripe'
        ➜ Explicit dependency on target 'StripePaymentSheet' in project 'Stripe'
        ➜ Explicit dependency on target 'StripePaymentsUI' in project 'Stripe'
        ➜ Explicit dependency on target 'Realtime' in project 'Supabase'
        ➜ Explicit dependency on target 'PostgREST' in project 'Supabase'
        ➜ Explicit dependency on target 'Stripe' in project 'Stripe'
        ➜ Explicit dependency on target 'Functions' in project 'Supabase'
        ➜ Explicit dependency on target 'GoogleSignIn' in project 'GoogleSignIn'
    Target 'GoogleSignIn' in project 'GoogleSignIn'
        ➜ Explicit dependency on target 'GoogleSignIn' in project 'GoogleSignIn'
        ➜ Explicit dependency on target 'GoogleSignIn_GoogleSignIn' in project 'GoogleSignIn'
        ➜ Explicit dependency on target 'AppAuth' in project 'AppAuth'
        ➜ Explicit dependency on target 'AppAuthCore' in project 'AppAuth'
        ➜ Explicit dependency on target 'AppCheckCore' in project 'AppCheck'
        ➜ Explicit dependency on target 'GTMAppAuth' in project 'GTMAppAuth'
        ➜ Explicit dependency on target 'GTMSessionFetcherCore' in project 'GTMSessionFetcher'
    Target 'Functions' in project 'Supabase'
        ➜ Explicit dependency on target 'Functions' in project 'Supabase'
        ➜ Explicit dependency on target 'Helpers' in project 'Supabase'
        ➜ Explicit dependency on target 'ConcurrencyExtras' in project 'swift-concurrency-extras'
        ➜ Explicit dependency on target 'HTTPTypes' in project 'swift-http-types'
        ➜ Explicit dependency on target 'Clocks' in project 'swift-clocks'
        ➜ Explicit dependency on target 'XCTestDynamicOverlay' in project 'xctest-dynamic-overlay'
    Target 'Stripe' in project 'Stripe'
        ➜ Explicit dependency on target 'Stripe' in project 'Stripe'
        ➜ Explicit dependency on target 'Stripe_Stripe' in project 'Stripe'
        ➜ Explicit dependency on target 'Stripe3DS2' in project 'Stripe'
        ➜ Explicit dependency on target 'StripeCore' in project 'Stripe'
        ➜ Explicit dependency on target 'StripeApplePay' in project 'Stripe'
        ➜ Explicit dependency on target 'StripeUICore' in project 'Stripe'
        ➜ Explicit dependency on target 'StripePayments' in project 'Stripe'
        ➜ Explicit dependency on target 'StripePaymentsUI' in project 'Stripe'
    Target 'Stripe' in project 'Stripe'
        ➜ Explicit dependency on target 'Stripe_Stripe' in project 'Stripe'
        ➜ Explicit dependency on target 'Stripe3DS2' in project 'Stripe'
        ➜ Explicit dependency on target 'StripeCore' in project 'Stripe'
        ➜ Explicit dependency on target 'StripeApplePay' in project 'Stripe'
        ➜ Explicit dependency on target 'StripeUICore' in project 'Stripe'
        ➜ Explicit dependency on target 'StripePayments' in project 'Stripe'
        ➜ Explicit dependency on target 'StripePaymentsUI' in project 'Stripe'
    Target 'Stripe_Stripe' in project 'Stripe' (no dependencies)
    Target 'PostgREST' in project 'Supabase'
        ➜ Explicit dependency on target 'PostgREST' in project 'Supabase'
        ➜ Explicit dependency on target 'Helpers' in project 'Supabase'
        ➜ Explicit dependency on target 'ConcurrencyExtras' in project 'swift-concurrency-extras'
        ➜ Explicit dependency on target 'HTTPTypes' in project 'swift-http-types'
        ➜ Explicit dependency on target 'Clocks' in project 'swift-clocks'
        ➜ Explicit dependency on target 'XCTestDynamicOverlay' in project 'xctest-dynamic-overlay'
    Target 'Realtime' in project 'Supabase'
        ➜ Explicit dependency on target 'Realtime' in project 'Supabase'
        ➜ Explicit dependency on target 'Helpers' in project 'Supabase'
        ➜ Explicit dependency on target 'ConcurrencyExtras' in project 'swift-concurrency-extras'
        ➜ Explicit dependency on target 'HTTPTypes' in project 'swift-http-types'
        ➜ Explicit dependency on target 'Clocks' in project 'swift-clocks'
        ➜ Explicit dependency on target 'XCTestDynamicOverlay' in project 'xctest-dynamic-overlay'
        ➜ Explicit dependency on target 'IssueReporting' in project 'xctest-dynamic-overlay'
    Target 'StripePaymentsUI' in project 'Stripe'
        ➜ Explicit dependency on target 'StripePaymentsUI' in project 'Stripe'
        ➜ Explicit dependency on target 'Stripe_StripePaymentsUI' in project 'Stripe'
        ➜ Explicit dependency on target 'StripeCore' in project 'Stripe'
        ➜ Explicit dependency on target 'Stripe3DS2' in project 'Stripe'
        ➜ Explicit dependency on target 'StripePayments' in project 'Stripe'
        ➜ Explicit dependency on target 'StripeUICore' in project 'Stripe'
    Target 'StripePaymentSheet' in project 'Stripe'
        ➜ Explicit dependency on target 'StripePaymentSheet' in project 'Stripe'
        ➜ Explicit dependency on target 'Stripe_StripePaymentSheet' in project 'Stripe'
        ➜ Explicit dependency on target 'StripeCore' in project 'Stripe'
        ➜ Explicit dependency on target 'Stripe3DS2' in project 'Stripe'
        ➜ Explicit dependency on target 'StripePayments' in project 'Stripe'
        ➜ Explicit dependency on target 'StripeUICore' in project 'Stripe'
        ➜ Explicit dependency on target 'StripePaymentsUI' in project 'Stripe'
        ➜ Explicit dependency on target 'StripeApplePay' in project 'Stripe'
    Target 'StripePaymentSheet' in project 'Stripe'
        ➜ Explicit dependency on target 'Stripe_StripePaymentSheet' in project 'Stripe'
        ➜ Explicit dependency on target 'StripeCore' in project 'Stripe'
        ➜ Explicit dependency on target 'Stripe3DS2' in project 'Stripe'
        ➜ Explicit dependency on target 'StripePayments' in project 'Stripe'
        ➜ Explicit dependency on target 'StripeUICore' in project 'Stripe'
        ➜ Explicit dependency on target 'StripePaymentsUI' in project 'Stripe'
        ➜ Explicit dependency on target 'StripeApplePay' in project 'Stripe'
    Target 'StripePaymentsUI' in project 'Stripe'
        ➜ Explicit dependency on target 'Stripe_StripePaymentsUI' in project 'Stripe'
        ➜ Explicit dependency on target 'StripeCore' in project 'Stripe'
        ➜ Explicit dependency on target 'Stripe3DS2' in project 'Stripe'
        ➜ Explicit dependency on target 'StripePayments' in project 'Stripe'
        ➜ Explicit dependency on target 'StripeUICore' in project 'Stripe'
    Target 'Stripe_StripePaymentsUI' in project 'Stripe' (no dependencies)
    Target 'StripeUICore' in project 'Stripe'
        ➜ Explicit dependency on target 'Stripe_StripeUICore' in project 'Stripe'
        ➜ Explicit dependency on target 'StripeCore' in project 'Stripe'
    Target 'Stripe_StripeUICore' in project 'Stripe' (no dependencies)
    Target 'Stripe_StripePaymentSheet' in project 'Stripe' (no dependencies)
    Target 'StripeApplePay' in project 'Stripe'
        ➜ Explicit dependency on target 'StripeApplePay' in project 'Stripe'
        ➜ Explicit dependency on target 'StripeCore' in project 'Stripe'
    Target 'StripeApplePay' in project 'Stripe'
        ➜ Explicit dependency on target 'StripeCore' in project 'Stripe'
    Target 'GoogleSignInSwift' in project 'GoogleSignIn'
        ➜ Explicit dependency on target 'GoogleSignInSwift' in project 'GoogleSignIn'
        ➜ Explicit dependency on target 'GoogleSignIn_GoogleSignInSwift' in project 'GoogleSignIn'
        ➜ Explicit dependency on target 'GoogleSignIn' in project 'GoogleSignIn'
        ➜ Explicit dependency on target 'AppAuth' in project 'AppAuth'
        ➜ Explicit dependency on target 'AppAuthCore' in project 'AppAuth'
        ➜ Explicit dependency on target 'AppCheckCore' in project 'AppCheck'
        ➜ Explicit dependency on target 'GTMAppAuth' in project 'GTMAppAuth'
        ➜ Explicit dependency on target 'GTMSessionFetcherCore' in project 'GTMSessionFetcher'
    Target 'GoogleSignInSwift' in project 'GoogleSignIn'
        ➜ Explicit dependency on target 'GoogleSignIn_GoogleSignInSwift' in project 'GoogleSignIn'
        ➜ Explicit dependency on target 'GoogleSignIn' in project 'GoogleSignIn'
        ➜ Explicit dependency on target 'AppAuth' in project 'AppAuth'
        ➜ Explicit dependency on target 'AppAuthCore' in project 'AppAuth'
        ➜ Explicit dependency on target 'AppCheckCore' in project 'AppCheck'
        ➜ Explicit dependency on target 'GTMAppAuth' in project 'GTMAppAuth'
        ➜ Explicit dependency on target 'GTMSessionFetcherCore' in project 'GTMSessionFetcher'
    Target 'GoogleSignIn' in project 'GoogleSignIn'
        ➜ Explicit dependency on target 'GoogleSignIn_GoogleSignIn' in project 'GoogleSignIn'
        ➜ Explicit dependency on target 'AppAuth' in project 'AppAuth'
        ➜ Explicit dependency on target 'AppAuthCore' in project 'AppAuth'
        ➜ Explicit dependency on target 'AppCheckCore' in project 'AppCheck'
        ➜ Explicit dependency on target 'GTMAppAuth' in project 'GTMAppAuth'
        ➜ Explicit dependency on target 'GTMSessionFetcherCore' in project 'GTMSessionFetcher'
    Target 'GTMAppAuth' in project 'GTMAppAuth'
        ➜ Explicit dependency on target 'GTMAppAuth' in project 'GTMAppAuth'
        ➜ Explicit dependency on target 'GTMAppAuth_GTMAppAuth' in project 'GTMAppAuth'
        ➜ Explicit dependency on target 'GTMSessionFetcherCore' in project 'GTMSessionFetcher'
        ➜ Explicit dependency on target 'AppAuthCore' in project 'AppAuth'
    Target 'GTMAppAuth' in project 'GTMAppAuth'
        ➜ Explicit dependency on target 'GTMAppAuth_GTMAppAuth' in project 'GTMAppAuth'
        ➜ Explicit dependency on target 'GTMSessionFetcherCore' in project 'GTMSessionFetcher'
        ➜ Explicit dependency on target 'AppAuthCore' in project 'AppAuth'
    Target 'GTMSessionFetcherCore' in project 'GTMSessionFetcher'
        ➜ Explicit dependency on target 'GTMSessionFetcherCore' in project 'GTMSessionFetcher'
        ➜ Explicit dependency on target 'GTMSessionFetcher_GTMSessionFetcherCore' in project 'GTMSessionFetcher'
    Target 'GTMSessionFetcherCore' in project 'GTMSessionFetcher'
        ➜ Explicit dependency on target 'GTMSessionFetcher_GTMSessionFetcherCore' in project 'GTMSessionFetcher'
    Target 'GTMSessionFetcher_GTMSessionFetcherCore' in project 'GTMSessionFetcher' (no dependencies)
    Target 'GTMAppAuth_GTMAppAuth' in project 'GTMAppAuth' (no dependencies)
    Target 'AppCheckCore' in project 'AppCheck'
        ➜ Explicit dependency on target 'AppCheckCore' in project 'AppCheck'
        ➜ Explicit dependency on target 'FBLPromises' in project 'Promises'
        ➜ Explicit dependency on target 'GULEnvironment' in project 'GoogleUtilities'
        ➜ Explicit dependency on target 'GULUserDefaults' in project 'GoogleUtilities'
    Target 'AppCheckCore' in project 'AppCheck'
        ➜ Explicit dependency on target 'FBLPromises' in project 'Promises'
        ➜ Explicit dependency on target 'GULEnvironment' in project 'GoogleUtilities'
        ➜ Explicit dependency on target 'GULUserDefaults' in project 'GoogleUtilities'
    Target 'GULUserDefaults' in project 'GoogleUtilities'
        ➜ Explicit dependency on target 'GoogleUtilities-UserDefaults' in project 'GoogleUtilities'
        ➜ Explicit dependency on target 'GoogleUtilities_GoogleUtilities-UserDefaults' in project 'GoogleUtilities'
        ➜ Explicit dependency on target 'third-party-IsAppEncrypted' in project 'GoogleUtilities'
        ➜ Explicit dependency on target 'GoogleUtilities-Environment' in project 'GoogleUtilities'
        ➜ Explicit dependency on target 'GoogleUtilities-Logger' in project 'GoogleUtilities'
    Target 'GoogleUtilities-UserDefaults' in project 'GoogleUtilities'
        ➜ Explicit dependency on target 'GoogleUtilities_GoogleUtilities-UserDefaults' in project 'GoogleUtilities'
        ➜ Explicit dependency on target 'third-party-IsAppEncrypted' in project 'GoogleUtilities'
        ➜ Explicit dependency on target 'GoogleUtilities-Environment' in project 'GoogleUtilities'
        ➜ Explicit dependency on target 'GoogleUtilities-Logger' in project 'GoogleUtilities'
    Target 'GoogleUtilities-Logger' in project 'GoogleUtilities'
        ➜ Explicit dependency on target 'GoogleUtilities_GoogleUtilities-Logger' in project 'GoogleUtilities'
        ➜ Explicit dependency on target 'third-party-IsAppEncrypted' in project 'GoogleUtilities'
        ➜ Explicit dependency on target 'GoogleUtilities-Environment' in project 'GoogleUtilities'
    Target 'GoogleUtilities_GoogleUtilities-Logger' in project 'GoogleUtilities' (no dependencies)
    Target 'GoogleUtilities_GoogleUtilities-UserDefaults' in project 'GoogleUtilities' (no dependencies)
    Target 'GULEnvironment' in project 'GoogleUtilities'
        ➜ Explicit dependency on target 'GoogleUtilities-Environment' in project 'GoogleUtilities'
        ➜ Explicit dependency on target 'GoogleUtilities_GoogleUtilities-Environment' in project 'GoogleUtilities'
        ➜ Explicit dependency on target 'third-party-IsAppEncrypted' in project 'GoogleUtilities'
    Target 'GoogleUtilities-Environment' in project 'GoogleUtilities'
        ➜ Explicit dependency on target 'GoogleUtilities_GoogleUtilities-Environment' in project 'GoogleUtilities'
        ➜ Explicit dependency on target 'third-party-IsAppEncrypted' in project 'GoogleUtilities'
    Target 'third-party-IsAppEncrypted' in project 'GoogleUtilities' (no dependencies)
    Target 'GoogleUtilities_GoogleUtilities-Environment' in project 'GoogleUtilities' (no dependencies)
    Target 'FBLPromises' in project 'Promises'
        ➜ Explicit dependency on target 'FBLPromises' in project 'Promises'
        ➜ Explicit dependency on target 'Promises_FBLPromises' in project 'Promises'
    Target 'FBLPromises' in project 'Promises'
        ➜ Explicit dependency on target 'Promises_FBLPromises' in project 'Promises'
    Target 'Promises_FBLPromises' in project 'Promises' (no dependencies)
    Target 'AppAuthCore' in project 'AppAuth'
        ➜ Explicit dependency on target 'AppAuthCore' in project 'AppAuth'
        ➜ Explicit dependency on target 'AppAuth_AppAuthCore' in project 'AppAuth'
    Target 'AppAuth' in project 'AppAuth'
        ➜ Explicit dependency on target 'AppAuth' in project 'AppAuth'
        ➜ Explicit dependency on target 'AppAuth_AppAuth' in project 'AppAuth'
        ➜ Explicit dependency on target 'AppAuthCore' in project 'AppAuth'
    Target 'AppAuth' in project 'AppAuth'
        ➜ Explicit dependency on target 'AppAuth_AppAuth' in project 'AppAuth'
        ➜ Explicit dependency on target 'AppAuthCore' in project 'AppAuth'
    Target 'AppAuthCore' in project 'AppAuth'
        ➜ Explicit dependency on target 'AppAuth_AppAuthCore' in project 'AppAuth'
    Target 'AppAuth_AppAuthCore' in project 'AppAuth' (no dependencies)
    Target 'AppAuth_AppAuth' in project 'AppAuth' (no dependencies)
    Target 'GoogleSignIn_GoogleSignIn' in project 'GoogleSignIn' (no dependencies)
    Target 'GoogleSignIn_GoogleSignInSwift' in project 'GoogleSignIn' (no dependencies)
    Target 'Storage' in project 'Supabase'
        ➜ Explicit dependency on target 'Storage' in project 'Supabase'
        ➜ Explicit dependency on target 'Helpers' in project 'Supabase'
        ➜ Explicit dependency on target 'ConcurrencyExtras' in project 'swift-concurrency-extras'
        ➜ Explicit dependency on target 'HTTPTypes' in project 'swift-http-types'
        ➜ Explicit dependency on target 'Clocks' in project 'swift-clocks'
        ➜ Explicit dependency on target 'XCTestDynamicOverlay' in project 'xctest-dynamic-overlay'
    Target 'StripePayments' in project 'Stripe'
        ➜ Explicit dependency on target 'StripePayments' in project 'Stripe'
        ➜ Explicit dependency on target 'Stripe_StripePayments' in project 'Stripe'
        ➜ Explicit dependency on target 'StripeCore' in project 'Stripe'
        ➜ Explicit dependency on target 'Stripe3DS2' in project 'Stripe'
    Target 'StripePayments' in project 'Stripe'
        ➜ Explicit dependency on target 'Stripe_StripePayments' in project 'Stripe'
        ➜ Explicit dependency on target 'StripeCore' in project 'Stripe'
        ➜ Explicit dependency on target 'Stripe3DS2' in project 'Stripe'
    Target 'Stripe3DS2' in project 'Stripe'
        ➜ Explicit dependency on target 'Stripe_Stripe3DS2' in project 'Stripe'
    Target 'Stripe_Stripe3DS2' in project 'Stripe' (no dependencies)
    Target 'StripeCore' in project 'Stripe'
        ➜ Explicit dependency on target 'Stripe_StripeCore' in project 'Stripe'
    Target 'Stripe_StripeCore' in project 'Stripe' (no dependencies)
    Target 'Stripe_StripePayments' in project 'Stripe' (no dependencies)
    Target 'Supabase' in project 'Supabase'
        ➜ Explicit dependency on target 'Supabase' in project 'Supabase'
        ➜ Explicit dependency on target 'Functions' in project 'Supabase'
        ➜ Explicit dependency on target 'PostgREST' in project 'Supabase'
        ➜ Explicit dependency on target 'Auth' in project 'Supabase'
        ➜ Explicit dependency on target 'Realtime' in project 'Supabase'
        ➜ Explicit dependency on target 'Storage' in project 'Supabase'
        ➜ Explicit dependency on target 'Helpers' in project 'Supabase'
        ➜ Explicit dependency on target 'ConcurrencyExtras' in project 'swift-concurrency-extras'
        ➜ Explicit dependency on target 'HTTPTypes' in project 'swift-http-types'
        ➜ Explicit dependency on target 'Clocks' in project 'swift-clocks'
        ➜ Explicit dependency on target 'XCTestDynamicOverlay' in project 'xctest-dynamic-overlay'
        ➜ Explicit dependency on target 'Crypto' in project 'swift-crypto'
        ➜ Explicit dependency on target 'IssueReporting' in project 'xctest-dynamic-overlay'
    Target 'Supabase' in project 'Supabase'
        ➜ Explicit dependency on target 'Helpers' in project 'Supabase'
        ➜ Explicit dependency on target 'Auth' in project 'Supabase'
        ➜ Explicit dependency on target 'Functions' in project 'Supabase'
        ➜ Explicit dependency on target 'PostgREST' in project 'Supabase'
        ➜ Explicit dependency on target 'Realtime' in project 'Supabase'
        ➜ Explicit dependency on target 'Storage' in project 'Supabase'
        ➜ Explicit dependency on target 'ConcurrencyExtras' in project 'swift-concurrency-extras'
        ➜ Explicit dependency on target 'HTTPTypes' in project 'swift-http-types'
        ➜ Explicit dependency on target 'Clocks' in project 'swift-clocks'
        ➜ Explicit dependency on target 'XCTestDynamicOverlay' in project 'xctest-dynamic-overlay'
        ➜ Explicit dependency on target 'Crypto' in project 'swift-crypto'
        ➜ Explicit dependency on target 'IssueReporting' in project 'xctest-dynamic-overlay'
    Target 'Storage' in project 'Supabase'
        ➜ Explicit dependency on target 'Helpers' in project 'Supabase'
        ➜ Explicit dependency on target 'ConcurrencyExtras' in project 'swift-concurrency-extras'
        ➜ Explicit dependency on target 'HTTPTypes' in project 'swift-http-types'
        ➜ Explicit dependency on target 'Clocks' in project 'swift-clocks'
        ➜ Explicit dependency on target 'XCTestDynamicOverlay' in project 'xctest-dynamic-overlay'
    Target 'Realtime' in project 'Supabase'
        ➜ Explicit dependency on target 'Helpers' in project 'Supabase'
        ➜ Explicit dependency on target 'ConcurrencyExtras' in project 'swift-concurrency-extras'
        ➜ Explicit dependency on target 'HTTPTypes' in project 'swift-http-types'
        ➜ Explicit dependency on target 'Clocks' in project 'swift-clocks'
        ➜ Explicit dependency on target 'XCTestDynamicOverlay' in project 'xctest-dynamic-overlay'
        ➜ Explicit dependency on target 'IssueReporting' in project 'xctest-dynamic-overlay'
    Target 'PostgREST' in project 'Supabase'
        ➜ Explicit dependency on target 'Helpers' in project 'Supabase'
        ➜ Explicit dependency on target 'ConcurrencyExtras' in project 'swift-concurrency-extras'
        ➜ Explicit dependency on target 'HTTPTypes' in project 'swift-http-types'
        ➜ Explicit dependency on target 'Clocks' in project 'swift-clocks'
        ➜ Explicit dependency on target 'XCTestDynamicOverlay' in project 'xctest-dynamic-overlay'
    Target 'Functions' in project 'Supabase'
        ➜ Explicit dependency on target 'Helpers' in project 'Supabase'
        ➜ Explicit dependency on target 'ConcurrencyExtras' in project 'swift-concurrency-extras'
        ➜ Explicit dependency on target 'HTTPTypes' in project 'swift-http-types'
        ➜ Explicit dependency on target 'Clocks' in project 'swift-clocks'
        ➜ Explicit dependency on target 'XCTestDynamicOverlay' in project 'xctest-dynamic-overlay'
    Target 'Auth' in project 'Supabase'
        ➜ Explicit dependency on target 'Helpers' in project 'Supabase'
        ➜ Explicit dependency on target 'ConcurrencyExtras' in project 'swift-concurrency-extras'
        ➜ Explicit dependency on target 'HTTPTypes' in project 'swift-http-types'
        ➜ Explicit dependency on target 'Clocks' in project 'swift-clocks'
        ➜ Explicit dependency on target 'XCTestDynamicOverlay' in project 'xctest-dynamic-overlay'
        ➜ Explicit dependency on target 'Crypto' in project 'swift-crypto'
    Target 'Crypto' in project 'swift-crypto'
        ➜ Explicit dependency on target 'Crypto' in project 'swift-crypto'
        ➜ Explicit dependency on target 'swift-crypto_Crypto' in project 'swift-crypto'
    Target 'Crypto' in project 'swift-crypto'
        ➜ Explicit dependency on target 'swift-crypto_Crypto' in project 'swift-crypto'
    Target 'swift-crypto_Crypto' in project 'swift-crypto' (no dependencies)
    Target 'Helpers' in project 'Supabase'
        ➜ Explicit dependency on target 'ConcurrencyExtras' in project 'swift-concurrency-extras'
        ➜ Explicit dependency on target 'HTTPTypes' in project 'swift-http-types'
        ➜ Explicit dependency on target 'Clocks' in project 'swift-clocks'
        ➜ Explicit dependency on target 'XCTestDynamicOverlay' in project 'xctest-dynamic-overlay'
    Target 'XCTestDynamicOverlay' in project 'xctest-dynamic-overlay'
        ➜ Explicit dependency on target 'XCTestDynamicOverlay' in project 'xctest-dynamic-overlay'
        ➜ Explicit dependency on target 'IssueReportingPackageSupport' in project 'xctest-dynamic-overlay'
        ➜ Explicit dependency on target 'IssueReporting' in project 'xctest-dynamic-overlay'
    Target 'XCTestDynamicOverlay' in project 'xctest-dynamic-overlay'
        ➜ Explicit dependency on target 'IssueReportingPackageSupport' in project 'xctest-dynamic-overlay'
        ➜ Explicit dependency on target 'IssueReporting' in project 'xctest-dynamic-overlay'
    Target 'Clocks' in project 'swift-clocks'
        ➜ Explicit dependency on target 'Clocks' in project 'swift-clocks'
        ➜ Explicit dependency on target 'ConcurrencyExtras' in project 'swift-concurrency-extras'
        ➜ Explicit dependency on target 'IssueReporting' in project 'xctest-dynamic-overlay'
    Target 'Clocks' in project 'swift-clocks'
        ➜ Explicit dependency on target 'ConcurrencyExtras' in project 'swift-concurrency-extras'
        ➜ Explicit dependency on target 'IssueReporting' in project 'xctest-dynamic-overlay'
    Target 'IssueReporting' in project 'xctest-dynamic-overlay'
        ➜ Explicit dependency on target 'IssueReporting' in project 'xctest-dynamic-overlay'
        ➜ Explicit dependency on target 'IssueReportingPackageSupport' in project 'xctest-dynamic-overlay'
    Target 'IssueReporting' in project 'xctest-dynamic-overlay'
        ➜ Explicit dependency on target 'IssueReportingPackageSupport' in project 'xctest-dynamic-overlay'
    Target 'IssueReportingPackageSupport' in project 'xctest-dynamic-overlay' (no dependencies)
    Target 'HTTPTypes' in project 'swift-http-types'
        ➜ Explicit dependency on target 'HTTPTypes' in project 'swift-http-types'
    Target 'HTTPTypes' in project 'swift-http-types' (no dependencies)
    Target 'ConcurrencyExtras' in project 'swift-concurrency-extras'
        ➜ Explicit dependency on target 'ConcurrencyExtras' in project 'swift-concurrency-extras'
    Target 'ConcurrencyExtras' in project 'swift-concurrency-extras' (no dependencies)

GatherProvisioningInputs

CreateBuildDescription

ExecuteExternalTool /Applications/Xcode.app/Contents/Developer/Toolchains/XcodeDefault.xctoolchain/usr/bin/swiftc --version

ExecuteExternalTool /Applications/Xcode.app/Contents/Developer/Toolchains/XcodeDefault.xctoolchain/usr/bin/clang -v -E -dM -arch arm64 -isysroot /Applications/Xcode.app/Contents/Developer/Platforms/iPhoneSimulator.platform/Developer/SDKs/iPhoneSimulator26.0.sdk -x objective-c -c /dev/null

ExecuteExternalTool /Applications/Xcode.app/Contents/Developer/usr/bin/actool --version --output-format xml1

ExecuteExternalTool /Applications/Xcode.app/Contents/Developer/Toolchains/XcodeDefault.xctoolchain/usr/bin/clang -v -E -dM -isysroot /Applications/Xcode.app/Contents/Developer/Platforms/iPhoneSimulator.platform/Developer/SDKs/iPhoneSimulator26.0.sdk -x c -c /dev/null

ExecuteExternalTool /Applications/Xcode.app/Contents/Developer/usr/bin/actool --print-asset-tag-combinations --output-format xml1 /Users/moneebsayed/Developer/RG10/RG10/AppIcon.icon /Users/moneebsayed/Developer/RG10/RG10/Assets.xcassets

ExecuteExternalTool /Applications/Xcode.app/Contents/Developer/Toolchains/XcodeDefault.xctoolchain/usr/bin/clang -v -E -dM -arch arm64 -isysroot /Applications/Xcode.app/Contents/Developer/Platforms/iPhoneSimulator.platform/Developer/SDKs/iPhoneSimulator26.0.sdk -x c -c /dev/null

ExecuteExternalTool /Applications/Xcode.app/Contents/Developer/Toolchains/XcodeDefault.xctoolchain/usr/bin/ld -version_details

ReadFileContents /Applications/Xcode.app/Contents/Developer/Toolchains/XcodeDefault.xctoolchain/usr/share/docc/features.json

Build description signature: 1b1edfdfc97d027e245be692600a33c3
Build description path: /Users/moneebsayed/Library/Developer/Xcode/DerivedData/RG10-fjjxwtxzbqffzregbbnftzmmwvmv/Build/Intermediates.noindex/XCBuildData/1b1edfdfc97d027e245be692600a33c3.xcbuilddata
ClangStatCache /Applications/Xcode.app/Contents/Developer/Toolchains/XcodeDefault.xctoolchain/usr/bin/clang-stat-cache /Applications/Xcode.app/Contents/Developer/Platforms/iPhoneSimulator.platform/Developer/SDKs/iPhoneSimulator26.0.sdk /Users/moneebsayed/Library/Developer/Xcode/DerivedData/SDKStatCaches.noindex/iphonesimulator26.0-23A339-26257891a6c027eb51374368541b8346.sdkstatcache
    cd /Users/moneebsayed/Developer/RG10/RG10.xcodeproj
    /Applications/Xcode.app/Contents/Developer/Toolchains/XcodeDefault.xctoolchain/usr/bin/clang-stat-cache /Applications/Xcode.app/Contents/Developer/Platforms/iPhoneSimulator.platform/Developer/SDKs/iPhoneSimulator26.0.sdk -o /Users/moneebsayed/Library/Developer/Xcode/DerivedData/SDKStatCaches.noindex/iphonesimulator26.0-23A339-26257891a6c027eb51374368541b8346.sdkstatcache

ProcessInfoPlistFile /Users/moneebsayed/Library/Developer/Xcode/DerivedData/RG10-fjjxwtxzbqffzregbbnftzmmwvmv/Build/Products/Debug-iphonesimulator/swift-crypto_Crypto.bundle/Info.plist /Users/moneebsayed/Library/Developer/Xcode/DerivedData/RG10-fjjxwtxzbqffzregbbnftzmmwvmv/Build/Intermediates.noindex/swift-crypto.build/Debug-iphonesimulator/swift-crypto_Crypto.build/empty-swift-crypto_Crypto.plist (in target 'swift-crypto_Crypto' from project 'swift-crypto')
    cd /Users/moneebsayed/Library/Developer/Xcode/DerivedData/RG10-fjjxwtxzbqffzregbbnftzmmwvmv/SourcePackages/checkouts/swift-crypto
    builtin-infoPlistUtility /Users/moneebsayed/Library/Developer/Xcode/DerivedData/RG10-fjjxwtxzbqffzregbbnftzmmwvmv/Build/Intermediates.noindex/swift-crypto.build/Debug-iphonesimulator/swift-crypto_Crypto.build/empty-swift-crypto_Crypto.plist -producttype com.apple.product-type.bundle -expandbuildsettings -format binary -platform iphonesimulator -o /Users/moneebsayed/Library/Developer/Xcode/DerivedData/RG10-fjjxwtxzbqffzregbbnftzmmwvmv/Build/Products/Debug-iphonesimulator/swift-crypto_Crypto.bundle/Info.plist

ProcessInfoPlistFile /Users/moneebsayed/Library/Developer/Xcode/DerivedData/RG10-fjjxwtxzbqffzregbbnftzmmwvmv/Build/Products/Debug-iphonesimulator/Stripe_StripePayments.bundle/Info.plist /Users/moneebsayed/Library/Developer/Xcode/DerivedData/RG10-fjjxwtxzbqffzregbbnftzmmwvmv/Build/Intermediates.noindex/Stripe.build/Debug-iphonesimulator/Stripe_StripePayments.build/empty-Stripe_StripePayments.plist (in target 'Stripe_StripePayments' from project 'Stripe')
    cd /Users/moneebsayed/Library/Developer/Xcode/DerivedData/RG10-fjjxwtxzbqffzregbbnftzmmwvmv/SourcePackages/checkouts/stripe-ios
    builtin-infoPlistUtility /Users/moneebsayed/Library/Developer/Xcode/DerivedData/RG10-fjjxwtxzbqffzregbbnftzmmwvmv/Build/Intermediates.noindex/Stripe.build/Debug-iphonesimulator/Stripe_StripePayments.build/empty-Stripe_StripePayments.plist -producttype com.apple.product-type.bundle -expandbuildsettings -format binary -platform iphonesimulator -o /Users/moneebsayed/Library/Developer/Xcode/DerivedData/RG10-fjjxwtxzbqffzregbbnftzmmwvmv/Build/Products/Debug-iphonesimulator/Stripe_StripePayments.bundle/Info.plist

ProcessInfoPlistFile /Users/moneebsayed/Library/Developer/Xcode/DerivedData/RG10-fjjxwtxzbqffzregbbnftzmmwvmv/Build/Products/Debug-iphonesimulator/Stripe_StripeCore.bundle/Info.plist /Users/moneebsayed/Library/Developer/Xcode/DerivedData/RG10-fjjxwtxzbqffzregbbnftzmmwvmv/Build/Intermediates.noindex/Stripe.build/Debug-iphonesimulator/Stripe_StripeCore.build/empty-Stripe_StripeCore.plist (in target 'Stripe_StripeCore' from project 'Stripe')
    cd /Users/moneebsayed/Library/Developer/Xcode/DerivedData/RG10-fjjxwtxzbqffzregbbnftzmmwvmv/SourcePackages/checkouts/stripe-ios
    builtin-infoPlistUtility /Users/moneebsayed/Library/Developer/Xcode/DerivedData/RG10-fjjxwtxzbqffzregbbnftzmmwvmv/Build/Intermediates.noindex/Stripe.build/Debug-iphonesimulator/Stripe_StripeCore.build/empty-Stripe_StripeCore.plist -producttype com.apple.product-type.bundle -expandbuildsettings -format binary -platform iphonesimulator -o /Users/moneebsayed/Library/Developer/Xcode/DerivedData/RG10-fjjxwtxzbqffzregbbnftzmmwvmv/Build/Products/Debug-iphonesimulator/Stripe_StripeCore.bundle/Info.plist

ProcessInfoPlistFile /Users/moneebsayed/Library/Developer/Xcode/DerivedData/RG10-fjjxwtxzbqffzregbbnftzmmwvmv/Build/Products/Debug-iphonesimulator/Stripe_Stripe3DS2.bundle/Info.plist /Users/moneebsayed/Library/Developer/Xcode/DerivedData/RG10-fjjxwtxzbqffzregbbnftzmmwvmv/Build/Intermediates.noindex/Stripe.build/Debug-iphonesimulator/Stripe_Stripe3DS2.build/empty-Stripe_Stripe3DS2.plist (in target 'Stripe_Stripe3DS2' from project 'Stripe')
    cd /Users/moneebsayed/Library/Developer/Xcode/DerivedData/RG10-fjjxwtxzbqffzregbbnftzmmwvmv/SourcePackages/checkouts/stripe-ios
    builtin-infoPlistUtility /Users/moneebsayed/Library/Developer/Xcode/DerivedData/RG10-fjjxwtxzbqffzregbbnftzmmwvmv/Build/Intermediates.noindex/Stripe.build/Debug-iphonesimulator/Stripe_Stripe3DS2.build/empty-Stripe_Stripe3DS2.plist -producttype com.apple.product-type.bundle -expandbuildsettings -format binary -platform iphonesimulator -additionalcontentfile /Users/moneebsayed/Library/Developer/Xcode/DerivedData/RG10-fjjxwtxzbqffzregbbnftzmmwvmv/Build/Intermediates.noindex/Stripe.build/Debug-iphonesimulator/Stripe_Stripe3DS2.build/assetcatalog_generated_info.plist -o /Users/moneebsayed/Library/Developer/Xcode/DerivedData/RG10-fjjxwtxzbqffzregbbnftzmmwvmv/Build/Products/Debug-iphonesimulator/Stripe_Stripe3DS2.bundle/Info.plist

ProcessInfoPlistFile /Users/moneebsayed/Library/Developer/Xcode/DerivedData/RG10-fjjxwtxzbqffzregbbnftzmmwvmv/Build/Products/Debug-iphonesimulator/GoogleSignIn_GoogleSignInSwift.bundle/Info.plist /Users/moneebsayed/Library/Developer/Xcode/DerivedData/RG10-fjjxwtxzbqffzregbbnftzmmwvmv/Build/Intermediates.noindex/GoogleSignIn.build/Debug-iphonesimulator/GoogleSignIn_GoogleSignInSwift.build/empty-GoogleSignIn_GoogleSignInSwift.plist (in target 'GoogleSignIn_GoogleSignInSwift' from project 'GoogleSignIn')
    cd /Users/moneebsayed/Library/Developer/Xcode/DerivedData/RG10-fjjxwtxzbqffzregbbnftzmmwvmv/SourcePackages/checkouts/GoogleSignIn-iOS
    builtin-infoPlistUtility /Users/moneebsayed/Library/Developer/Xcode/DerivedData/RG10-fjjxwtxzbqffzregbbnftzmmwvmv/Build/Intermediates.noindex/GoogleSignIn.build/Debug-iphonesimulator/GoogleSignIn_GoogleSignInSwift.build/empty-GoogleSignIn_GoogleSignInSwift.plist -producttype com.apple.product-type.bundle -expandbuildsettings -format binary -platform iphonesimulator -o /Users/moneebsayed/Library/Developer/Xcode/DerivedData/RG10-fjjxwtxzbqffzregbbnftzmmwvmv/Build/Products/Debug-iphonesimulator/GoogleSignIn_GoogleSignInSwift.bundle/Info.plist

ProcessInfoPlistFile /Users/moneebsayed/Library/Developer/Xcode/DerivedData/RG10-fjjxwtxzbqffzregbbnftzmmwvmv/Build/Products/Debug-iphonesimulator/GoogleSignIn_GoogleSignIn.bundle/Info.plist /Users/moneebsayed/Library/Developer/Xcode/DerivedData/RG10-fjjxwtxzbqffzregbbnftzmmwvmv/Build/Intermediates.noindex/GoogleSignIn.build/Debug-iphonesimulator/GoogleSignIn_GoogleSignIn.build/empty-GoogleSignIn_GoogleSignIn.plist (in target 'GoogleSignIn_GoogleSignIn' from project 'GoogleSignIn')
    cd /Users/moneebsayed/Library/Developer/Xcode/DerivedData/RG10-fjjxwtxzbqffzregbbnftzmmwvmv/SourcePackages/checkouts/GoogleSignIn-iOS
    builtin-infoPlistUtility /Users/moneebsayed/Library/Developer/Xcode/DerivedData/RG10-fjjxwtxzbqffzregbbnftzmmwvmv/Build/Intermediates.noindex/GoogleSignIn.build/Debug-iphonesimulator/GoogleSignIn_GoogleSignIn.build/empty-GoogleSignIn_GoogleSignIn.plist -producttype com.apple.product-type.bundle -expandbuildsettings -format binary -platform iphonesimulator -o /Users/moneebsayed/Library/Developer/Xcode/DerivedData/RG10-fjjxwtxzbqffzregbbnftzmmwvmv/Build/Products/Debug-iphonesimulator/GoogleSignIn_GoogleSignIn.bundle/Info.plist

ProcessInfoPlistFile /Users/moneebsayed/Library/Developer/Xcode/DerivedData/RG10-fjjxwtxzbqffzregbbnftzmmwvmv/Build/Products/Debug-iphonesimulator/AppAuth_AppAuth.bundle/Info.plist /Users/moneebsayed/Library/Developer/Xcode/DerivedData/RG10-fjjxwtxzbqffzregbbnftzmmwvmv/Build/Intermediates.noindex/AppAuth.build/Debug-iphonesimulator/AppAuth_AppAuth.build/empty-AppAuth_AppAuth.plist (in target 'AppAuth_AppAuth' from project 'AppAuth')
    cd /Users/moneebsayed/Library/Developer/Xcode/DerivedData/RG10-fjjxwtxzbqffzregbbnftzmmwvmv/SourcePackages/checkouts/AppAuth-iOS
    builtin-infoPlistUtility /Users/moneebsayed/Library/Developer/Xcode/DerivedData/RG10-fjjxwtxzbqffzregbbnftzmmwvmv/Build/Intermediates.noindex/AppAuth.build/Debug-iphonesimulator/AppAuth_AppAuth.build/empty-AppAuth_AppAuth.plist -producttype com.apple.product-type.bundle -expandbuildsettings -format binary -platform iphonesimulator -o /Users/moneebsayed/Library/Developer/Xcode/DerivedData/RG10-fjjxwtxzbqffzregbbnftzmmwvmv/Build/Products/Debug-iphonesimulator/AppAuth_AppAuth.bundle/Info.plist

ProcessInfoPlistFile /Users/moneebsayed/Library/Developer/Xcode/DerivedData/RG10-fjjxwtxzbqffzregbbnftzmmwvmv/Build/Products/Debug-iphonesimulator/AppAuth_AppAuthCore.bundle/Info.plist /Users/moneebsayed/Library/Developer/Xcode/DerivedData/RG10-fjjxwtxzbqffzregbbnftzmmwvmv/Build/Intermediates.noindex/AppAuth.build/Debug-iphonesimulator/AppAuth_AppAuthCore.build/empty-AppAuth_AppAuthCore.plist (in target 'AppAuth_AppAuthCore' from project 'AppAuth')
    cd /Users/moneebsayed/Library/Developer/Xcode/DerivedData/RG10-fjjxwtxzbqffzregbbnftzmmwvmv/SourcePackages/checkouts/AppAuth-iOS
    builtin-infoPlistUtility /Users/moneebsayed/Library/Developer/Xcode/DerivedData/RG10-fjjxwtxzbqffzregbbnftzmmwvmv/Build/Intermediates.noindex/AppAuth.build/Debug-iphonesimulator/AppAuth_AppAuthCore.build/empty-AppAuth_AppAuthCore.plist -producttype com.apple.product-type.bundle -expandbuildsettings -format binary -platform iphonesimulator -o /Users/moneebsayed/Library/Developer/Xcode/DerivedData/RG10-fjjxwtxzbqffzregbbnftzmmwvmv/Build/Products/Debug-iphonesimulator/AppAuth_AppAuthCore.bundle/Info.plist

ProcessInfoPlistFile /Users/moneebsayed/Library/Developer/Xcode/DerivedData/RG10-fjjxwtxzbqffzregbbnftzmmwvmv/Build/Products/Debug-iphonesimulator/Promises_FBLPromises.bundle/Info.plist /Users/moneebsayed/Library/Developer/Xcode/DerivedData/RG10-fjjxwtxzbqffzregbbnftzmmwvmv/Build/Intermediates.noindex/Promises.build/Debug-iphonesimulator/Promises_FBLPromises.build/empty-Promises_FBLPromises.plist (in target 'Promises_FBLPromises' from project 'Promises')
    cd /Users/moneebsayed/Library/Developer/Xcode/DerivedData/RG10-fjjxwtxzbqffzregbbnftzmmwvmv/SourcePackages/checkouts/promises
    builtin-infoPlistUtility /Users/moneebsayed/Library/Developer/Xcode/DerivedData/RG10-fjjxwtxzbqffzregbbnftzmmwvmv/Build/Intermediates.noindex/Promises.build/Debug-iphonesimulator/Promises_FBLPromises.build/empty-Promises_FBLPromises.plist -producttype com.apple.product-type.bundle -expandbuildsettings -format binary -platform iphonesimulator -o /Users/moneebsayed/Library/Developer/Xcode/DerivedData/RG10-fjjxwtxzbqffzregbbnftzmmwvmv/Build/Products/Debug-iphonesimulator/Promises_FBLPromises.bundle/Info.plist

ProcessInfoPlistFile /Users/moneebsayed/Library/Developer/Xcode/DerivedData/RG10-fjjxwtxzbqffzregbbnftzmmwvmv/Build/Products/Debug-iphonesimulator/GoogleUtilities_GoogleUtilities-Environment.bundle/Info.plist /Users/moneebsayed/Library/Developer/Xcode/DerivedData/RG10-fjjxwtxzbqffzregbbnftzmmwvmv/Build/Intermediates.noindex/GoogleUtilities.build/Debug-iphonesimulator/GoogleUtilities_GoogleUtilities-Environment.build/empty-GoogleUtilities_GoogleUtilities-Environment.plist (in target 'GoogleUtilities_GoogleUtilities-Environment' from project 'GoogleUtilities')
    cd /Users/moneebsayed/Library/Developer/Xcode/DerivedData/RG10-fjjxwtxzbqffzregbbnftzmmwvmv/SourcePackages/checkouts/GoogleUtilities
    builtin-infoPlistUtility /Users/moneebsayed/Library/Developer/Xcode/DerivedData/RG10-fjjxwtxzbqffzregbbnftzmmwvmv/Build/Intermediates.noindex/GoogleUtilities.build/Debug-iphonesimulator/GoogleUtilities_GoogleUtilities-Environment.build/empty-GoogleUtilities_GoogleUtilities-Environment.plist -producttype com.apple.product-type.bundle -expandbuildsettings -format binary -platform iphonesimulator -o /Users/moneebsayed/Library/Developer/Xcode/DerivedData/RG10-fjjxwtxzbqffzregbbnftzmmwvmv/Build/Products/Debug-iphonesimulator/GoogleUtilities_GoogleUtilities-Environment.bundle/Info.plist

ProcessInfoPlistFile /Users/moneebsayed/Library/Developer/Xcode/DerivedData/RG10-fjjxwtxzbqffzregbbnftzmmwvmv/Build/Products/Debug-iphonesimulator/GoogleUtilities_GoogleUtilities-UserDefaults.bundle/Info.plist /Users/moneebsayed/Library/Developer/Xcode/DerivedData/RG10-fjjxwtxzbqffzregbbnftzmmwvmv/Build/Intermediates.noindex/GoogleUtilities.build/Debug-iphonesimulator/GoogleUtilities_GoogleUtilities-UserDefaults.build/empty-GoogleUtilities_GoogleUtilities-UserDefaults.plist (in target 'GoogleUtilities_GoogleUtilities-UserDefaults' from project 'GoogleUtilities')
    cd /Users/moneebsayed/Library/Developer/Xcode/DerivedData/RG10-fjjxwtxzbqffzregbbnftzmmwvmv/SourcePackages/checkouts/GoogleUtilities
    builtin-infoPlistUtility /Users/moneebsayed/Library/Developer/Xcode/DerivedData/RG10-fjjxwtxzbqffzregbbnftzmmwvmv/Build/Intermediates.noindex/GoogleUtilities.build/Debug-iphonesimulator/GoogleUtilities_GoogleUtilities-UserDefaults.build/empty-GoogleUtilities_GoogleUtilities-UserDefaults.plist -producttype com.apple.product-type.bundle -expandbuildsettings -format binary -platform iphonesimulator -o /Users/moneebsayed/Library/Developer/Xcode/DerivedData/RG10-fjjxwtxzbqffzregbbnftzmmwvmv/Build/Products/Debug-iphonesimulator/GoogleUtilities_GoogleUtilities-UserDefaults.bundle/Info.plist

ProcessInfoPlistFile /Users/moneebsayed/Library/Developer/Xcode/DerivedData/RG10-fjjxwtxzbqffzregbbnftzmmwvmv/Build/Products/Debug-iphonesimulator/GoogleUtilities_GoogleUtilities-Logger.bundle/Info.plist /Users/moneebsayed/Library/Developer/Xcode/DerivedData/RG10-fjjxwtxzbqffzregbbnftzmmwvmv/Build/Intermediates.noindex/GoogleUtilities.build/Debug-iphonesimulator/GoogleUtilities_GoogleUtilities-Logger.build/empty-GoogleUtilities_GoogleUtilities-Logger.plist (in target 'GoogleUtilities_GoogleUtilities-Logger' from project 'GoogleUtilities')
    cd /Users/moneebsayed/Library/Developer/Xcode/DerivedData/RG10-fjjxwtxzbqffzregbbnftzmmwvmv/SourcePackages/checkouts/GoogleUtilities
    builtin-infoPlistUtility /Users/moneebsayed/Library/Developer/Xcode/DerivedData/RG10-fjjxwtxzbqffzregbbnftzmmwvmv/Build/Intermediates.noindex/GoogleUtilities.build/Debug-iphonesimulator/GoogleUtilities_GoogleUtilities-Logger.build/empty-GoogleUtilities_GoogleUtilities-Logger.plist -producttype com.apple.product-type.bundle -expandbuildsettings -format binary -platform iphonesimulator -o /Users/moneebsayed/Library/Developer/Xcode/DerivedData/RG10-fjjxwtxzbqffzregbbnftzmmwvmv/Build/Products/Debug-iphonesimulator/GoogleUtilities_GoogleUtilities-Logger.bundle/Info.plist

ProcessInfoPlistFile /Users/moneebsayed/Library/Developer/Xcode/DerivedData/RG10-fjjxwtxzbqffzregbbnftzmmwvmv/Build/Products/Debug-iphonesimulator/GTMAppAuth_GTMAppAuth.bundle/Info.plist /Users/moneebsayed/Library/Developer/Xcode/DerivedData/RG10-fjjxwtxzbqffzregbbnftzmmwvmv/Build/Intermediates.noindex/GTMAppAuth.build/Debug-iphonesimulator/GTMAppAuth_GTMAppAuth.build/empty-GTMAppAuth_GTMAppAuth.plist (in target 'GTMAppAuth_GTMAppAuth' from project 'GTMAppAuth')
    cd /Users/moneebsayed/Library/Developer/Xcode/DerivedData/RG10-fjjxwtxzbqffzregbbnftzmmwvmv/SourcePackages/checkouts/GTMAppAuth
    builtin-infoPlistUtility /Users/moneebsayed/Library/Developer/Xcode/DerivedData/RG10-fjjxwtxzbqffzregbbnftzmmwvmv/Build/Intermediates.noindex/GTMAppAuth.build/Debug-iphonesimulator/GTMAppAuth_GTMAppAuth.build/empty-GTMAppAuth_GTMAppAuth.plist -producttype com.apple.product-type.bundle -expandbuildsettings -format binary -platform iphonesimulator -o /Users/moneebsayed/Library/Developer/Xcode/DerivedData/RG10-fjjxwtxzbqffzregbbnftzmmwvmv/Build/Products/Debug-iphonesimulator/GTMAppAuth_GTMAppAuth.bundle/Info.plist

ProcessInfoPlistFile /Users/moneebsayed/Library/Developer/Xcode/DerivedData/RG10-fjjxwtxzbqffzregbbnftzmmwvmv/Build/Products/Debug-iphonesimulator/GTMSessionFetcher_GTMSessionFetcherCore.bundle/Info.plist /Users/moneebsayed/Library/Developer/Xcode/DerivedData/RG10-fjjxwtxzbqffzregbbnftzmmwvmv/Build/Intermediates.noindex/GTMSessionFetcher.build/Debug-iphonesimulator/GTMSessionFetcher_GTMSessionFetcherCore.build/empty-GTMSessionFetcher_GTMSessionFetcherCore.plist (in target 'GTMSessionFetcher_GTMSessionFetcherCore' from project 'GTMSessionFetcher')
    cd /Users/moneebsayed/Library/Developer/Xcode/DerivedData/RG10-fjjxwtxzbqffzregbbnftzmmwvmv/SourcePackages/checkouts/gtm-session-fetcher
    builtin-infoPlistUtility /Users/moneebsayed/Library/Developer/Xcode/DerivedData/RG10-fjjxwtxzbqffzregbbnftzmmwvmv/Build/Intermediates.noindex/GTMSessionFetcher.build/Debug-iphonesimulator/GTMSessionFetcher_GTMSessionFetcherCore.build/empty-GTMSessionFetcher_GTMSessionFetcherCore.plist -producttype com.apple.product-type.bundle -expandbuildsettings -format binary -platform iphonesimulator -o /Users/moneebsayed/Library/Developer/Xcode/DerivedData/RG10-fjjxwtxzbqffzregbbnftzmmwvmv/Build/Products/Debug-iphonesimulator/GTMSessionFetcher_GTMSessionFetcherCore.bundle/Info.plist

ProcessInfoPlistFile /Users/moneebsayed/Library/Developer/Xcode/DerivedData/RG10-fjjxwtxzbqffzregbbnftzmmwvmv/Build/Products/Debug-iphonesimulator/Stripe_StripePaymentSheet.bundle/Info.plist /Users/moneebsayed/Library/Developer/Xcode/DerivedData/RG10-fjjxwtxzbqffzregbbnftzmmwvmv/Build/Intermediates.noindex/Stripe.build/Debug-iphonesimulator/Stripe_StripePaymentSheet.build/empty-Stripe_StripePaymentSheet.plist (in target 'Stripe_StripePaymentSheet' from project 'Stripe')
    cd /Users/moneebsayed/Library/Developer/Xcode/DerivedData/RG10-fjjxwtxzbqffzregbbnftzmmwvmv/SourcePackages/checkouts/stripe-ios
    builtin-infoPlistUtility /Users/moneebsayed/Library/Developer/Xcode/DerivedData/RG10-fjjxwtxzbqffzregbbnftzmmwvmv/Build/Intermediates.noindex/Stripe.build/Debug-iphonesimulator/Stripe_StripePaymentSheet.build/empty-Stripe_StripePaymentSheet.plist -producttype com.apple.product-type.bundle -expandbuildsettings -format binary -platform iphonesimulator -additionalcontentfile /Users/moneebsayed/Library/Developer/Xcode/DerivedData/RG10-fjjxwtxzbqffzregbbnftzmmwvmv/Build/Intermediates.noindex/Stripe.build/Debug-iphonesimulator/Stripe_StripePaymentSheet.build/assetcatalog_generated_info.plist -o /Users/moneebsayed/Library/Developer/Xcode/DerivedData/RG10-fjjxwtxzbqffzregbbnftzmmwvmv/Build/Products/Debug-iphonesimulator/Stripe_StripePaymentSheet.bundle/Info.plist

ProcessInfoPlistFile /Users/moneebsayed/Library/Developer/Xcode/DerivedData/RG10-fjjxwtxzbqffzregbbnftzmmwvmv/Build/Products/Debug-iphonesimulator/Stripe_StripeUICore.bundle/Info.plist /Users/moneebsayed/Library/Developer/Xcode/DerivedData/RG10-fjjxwtxzbqffzregbbnftzmmwvmv/Build/Intermediates.noindex/Stripe.build/Debug-iphonesimulator/Stripe_StripeUICore.build/empty-Stripe_StripeUICore.plist (in target 'Stripe_StripeUICore' from project 'Stripe')
    cd /Users/moneebsayed/Library/Developer/Xcode/DerivedData/RG10-fjjxwtxzbqffzregbbnftzmmwvmv/SourcePackages/checkouts/stripe-ios
    builtin-infoPlistUtility /Users/moneebsayed/Library/Developer/Xcode/DerivedData/RG10-fjjxwtxzbqffzregbbnftzmmwvmv/Build/Intermediates.noindex/Stripe.build/Debug-iphonesimulator/Stripe_StripeUICore.build/empty-Stripe_StripeUICore.plist -producttype com.apple.product-type.bundle -expandbuildsettings -format binary -platform iphonesimulator -additionalcontentfile /Users/moneebsayed/Library/Developer/Xcode/DerivedData/RG10-fjjxwtxzbqffzregbbnftzmmwvmv/Build/Intermediates.noindex/Stripe.build/Debug-iphonesimulator/Stripe_StripeUICore.build/assetcatalog_generated_info.plist -o /Users/moneebsayed/Library/Developer/Xcode/DerivedData/RG10-fjjxwtxzbqffzregbbnftzmmwvmv/Build/Products/Debug-iphonesimulator/Stripe_StripeUICore.bundle/Info.plist

ProcessInfoPlistFile /Users/moneebsayed/Library/Developer/Xcode/DerivedData/RG10-fjjxwtxzbqffzregbbnftzmmwvmv/Build/Products/Debug-iphonesimulator/Stripe_StripePaymentsUI.bundle/Info.plist /Users/moneebsayed/Library/Developer/Xcode/DerivedData/RG10-fjjxwtxzbqffzregbbnftzmmwvmv/Build/Intermediates.noindex/Stripe.build/Debug-iphonesimulator/Stripe_StripePaymentsUI.build/empty-Stripe_StripePaymentsUI.plist (in target 'Stripe_StripePaymentsUI' from project 'Stripe')
    cd /Users/moneebsayed/Library/Developer/Xcode/DerivedData/RG10-fjjxwtxzbqffzregbbnftzmmwvmv/SourcePackages/checkouts/stripe-ios
    builtin-infoPlistUtility /Users/moneebsayed/Library/Developer/Xcode/DerivedData/RG10-fjjxwtxzbqffzregbbnftzmmwvmv/Build/Intermediates.noindex/Stripe.build/Debug-iphonesimulator/Stripe_StripePaymentsUI.build/empty-Stripe_StripePaymentsUI.plist -producttype com.apple.product-type.bundle -expandbuildsettings -format binary -platform iphonesimulator -additionalcontentfile /Users/moneebsayed/Library/Developer/Xcode/DerivedData/RG10-fjjxwtxzbqffzregbbnftzmmwvmv/Build/Intermediates.noindex/Stripe.build/Debug-iphonesimulator/Stripe_StripePaymentsUI.build/assetcatalog_generated_info.plist -o /Users/moneebsayed/Library/Developer/Xcode/DerivedData/RG10-fjjxwtxzbqffzregbbnftzmmwvmv/Build/Products/Debug-iphonesimulator/Stripe_StripePaymentsUI.bundle/Info.plist

ProcessInfoPlistFile /Users/moneebsayed/Library/Developer/Xcode/DerivedData/RG10-fjjxwtxzbqffzregbbnftzmmwvmv/Build/Products/Debug-iphonesimulator/Stripe_Stripe.bundle/Info.plist /Users/moneebsayed/Library/Developer/Xcode/DerivedData/RG10-fjjxwtxzbqffzregbbnftzmmwvmv/Build/Intermediates.noindex/Stripe.build/Debug-iphonesimulator/Stripe_Stripe.build/empty-Stripe_Stripe.plist (in target 'Stripe_Stripe' from project 'Stripe')
    cd /Users/moneebsayed/Library/Developer/Xcode/DerivedData/RG10-fjjxwtxzbqffzregbbnftzmmwvmv/SourcePackages/checkouts/stripe-ios
    builtin-infoPlistUtility /Users/moneebsayed/Library/Developer/Xcode/DerivedData/RG10-fjjxwtxzbqffzregbbnftzmmwvmv/Build/Intermediates.noindex/Stripe.build/Debug-iphonesimulator/Stripe_Stripe.build/empty-Stripe_Stripe.plist -producttype com.apple.product-type.bundle -expandbuildsettings -format binary -platform iphonesimulator -additionalcontentfile /Users/moneebsayed/Library/Developer/Xcode/DerivedData/RG10-fjjxwtxzbqffzregbbnftzmmwvmv/Build/Intermediates.noindex/Stripe.build/Debug-iphonesimulator/Stripe_Stripe.build/assetcatalog_generated_info.plist -o /Users/moneebsayed/Library/Developer/Xcode/DerivedData/RG10-fjjxwtxzbqffzregbbnftzmmwvmv/Build/Products/Debug-iphonesimulator/Stripe_Stripe.bundle/Info.plist

CopySwiftLibs /Users/moneebsayed/Library/Developer/Xcode/DerivedData/RG10-fjjxwtxzbqffzregbbnftzmmwvmv/Build/Products/Debug-iphonesimulator/RG10.app (in target 'RG10' from project 'RG10')
    cd /Users/moneebsayed/Developer/RG10
    builtin-swiftStdLibTool --copy --verbose --sign - --scan-executable /Users/moneebsayed/Library/Developer/Xcode/DerivedData/RG10-fjjxwtxzbqffzregbbnftzmmwvmv/Build/Products/Debug-iphonesimulator/RG10.app/RG10.debug.dylib --scan-folder /Users/moneebsayed/Library/Developer/Xcode/DerivedData/RG10-fjjxwtxzbqffzregbbnftzmmwvmv/Build/Products/Debug-iphonesimulator/RG10.app/Frameworks --scan-folder /Users/moneebsayed/Library/Developer/Xcode/DerivedData/RG10-fjjxwtxzbqffzregbbnftzmmwvmv/Build/Products/Debug-iphonesimulator/RG10.app/PlugIns --scan-folder /Users/moneebsayed/Library/Developer/Xcode/DerivedData/RG10-fjjxwtxzbqffzregbbnftzmmwvmv/Build/Products/Debug-iphonesimulator/RG10.app/SystemExtensions --scan-folder /Users/moneebsayed/Library/Developer/Xcode/DerivedData/RG10-fjjxwtxzbqffzregbbnftzmmwvmv/Build/Products/Debug-iphonesimulator/RG10.app/Extensions --platform iphonesimulator --toolchain /Applications/Xcode.app/Contents/Developer/Toolchains/XcodeDefault.xctoolchain --destination /Users/moneebsayed/Library/Developer/Xcode/DerivedData/RG10-fjjxwtxzbqffzregbbnftzmmwvmv/Build/Products/Debug-iphonesimulator/RG10.app/Frameworks --strip-bitcode --strip-bitcode-tool /Applications/Xcode.app/Contents/Developer/Toolchains/XcodeDefault.xctoolchain/usr/bin/bitcode_strip --emit-dependency-info /Users/moneebsayed/Library/Developer/Xcode/DerivedData/RG10-fjjxwtxzbqffzregbbnftzmmwvmv/Build/Intermediates.noindex/RG10.build/Debug-iphonesimulator/RG10.build/SwiftStdLibToolInputDependencies.dep --filter-for-swift-os

ProcessInfoPlistFile /Users/moneebsayed/Library/Developer/Xcode/DerivedData/RG10-fjjxwtxzbqffzregbbnftzmmwvmv/Build/Products/Debug-iphonesimulator/RG10.app/Info.plist /Users/moneebsayed/Developer/RG10/RG10/Info.plist (in target 'RG10' from project 'RG10')
    cd /Users/moneebsayed/Developer/RG10
    builtin-infoPlistUtility /Users/moneebsayed/Developer/RG10/RG10/Info.plist -producttype com.apple.product-type.application -genpkginfo /Users/moneebsayed/Library/Developer/Xcode/DerivedData/RG10-fjjxwtxzbqffzregbbnftzmmwvmv/Build/Products/Debug-iphonesimulator/RG10.app/PkgInfo -expandbuildsettings -format binary -platform iphonesimulator -additionalcontentfile /Users/moneebsayed/Library/Developer/Xcode/DerivedData/RG10-fjjxwtxzbqffzregbbnftzmmwvmv/Build/Intermediates.noindex/RG10.build/Debug-iphonesimulator/RG10.build/assetcatalog_generated_info.plist -scanforprivacyfile /Users/moneebsayed/Library/Developer/Xcode/DerivedData/RG10-fjjxwtxzbqffzregbbnftzmmwvmv/Build/Products/Debug-iphonesimulator/RG10.app/AppAuth_AppAuth.bundle -scanforprivacyfile /Users/moneebsayed/Library/Developer/Xcode/DerivedData/RG10-fjjxwtxzbqffzregbbnftzmmwvmv/Build/Products/Debug-iphonesimulator/RG10.app/AppAuth_AppAuthCore.bundle -scanforprivacyfile /Users/moneebsayed/Library/Developer/Xcode/DerivedData/RG10-fjjxwtxzbqffzregbbnftzmmwvmv/Build/Products/Debug-iphonesimulator/RG10.app/GTMAppAuth_GTMAppAuth.bundle -scanforprivacyfile /Users/moneebsayed/Library/Developer/Xcode/DerivedData/RG10-fjjxwtxzbqffzregbbnftzmmwvmv/Build/Products/Debug-iphonesimulator/RG10.app/GTMSessionFetcher_GTMSessionFetcherCore.bundle -scanforprivacyfile /Users/moneebsayed/Library/Developer/Xcode/DerivedData/RG10-fjjxwtxzbqffzregbbnftzmmwvmv/Build/Products/Debug-iphonesimulator/RG10.app/GoogleSignIn_GoogleSignIn.bundle -scanforprivacyfile /Users/moneebsayed/Library/Developer/Xcode/DerivedData/RG10-fjjxwtxzbqffzregbbnftzmmwvmv/Build/Products/Debug-iphonesimulator/RG10.app/GoogleSignIn_GoogleSignInSwift.bundle -scanforprivacyfile /Users/moneebsayed/Library/Developer/Xcode/DerivedData/RG10-fjjxwtxzbqffzregbbnftzmmwvmv/Build/Products/Debug-iphonesimulator/RG10.app/GoogleUtilities_GoogleUtilities-Environment.bundle -scanforprivacyfile /Users/moneebsayed/Library/Developer/Xcode/DerivedData/RG10-fjjxwtxzbqffzregbbnftzmmwvmv/Build/Products/Debug-iphonesimulator/RG10.app/GoogleUtilities_GoogleUtilities-Logger.bundle -scanforprivacyfile /Users/moneebsayed/Library/Developer/Xcode/DerivedData/RG10-fjjxwtxzbqffzregbbnftzmmwvmv/Build/Products/Debug-iphonesimulator/RG10.app/GoogleUtilities_GoogleUtilities-UserDefaults.bundle -scanforprivacyfile /Users/moneebsayed/Library/Developer/Xcode/DerivedData/RG10-fjjxwtxzbqffzregbbnftzmmwvmv/Build/Products/Debug-iphonesimulator/RG10.app/Promises_FBLPromises.bundle -scanforprivacyfile /Users/moneebsayed/Library/Developer/Xcode/DerivedData/RG10-fjjxwtxzbqffzregbbnftzmmwvmv/Build/Products/Debug-iphonesimulator/RG10.app/Stripe_Stripe.bundle -scanforprivacyfile /Users/moneebsayed/Library/Developer/Xcode/DerivedData/RG10-fjjxwtxzbqffzregbbnftzmmwvmv/Build/Products/Debug-iphonesimulator/RG10.app/Stripe_Stripe3DS2.bundle -scanforprivacyfile /Users/moneebsayed/Library/Developer/Xcode/DerivedData/RG10-fjjxwtxzbqffzregbbnftzmmwvmv/Build/Products/Debug-iphonesimulator/RG10.app/Stripe_StripeCore.bundle -scanforprivacyfile /Users/moneebsayed/Library/Developer/Xcode/DerivedData/RG10-fjjxwtxzbqffzregbbnftzmmwvmv/Build/Products/Debug-iphonesimulator/RG10.app/Stripe_StripePaymentSheet.bundle -scanforprivacyfile /Users/moneebsayed/Library/Developer/Xcode/DerivedData/RG10-fjjxwtxzbqffzregbbnftzmmwvmv/Build/Products/Debug-iphonesimulator/RG10.app/Stripe_StripePayments.bundle -scanforprivacyfile /Users/moneebsayed/Library/Developer/Xcode/DerivedData/RG10-fjjxwtxzbqffzregbbnftzmmwvmv/Build/Products/Debug-iphonesimulator/RG10.app/Stripe_StripePaymentsUI.bundle -scanforprivacyfile /Users/moneebsayed/Library/Developer/Xcode/DerivedData/RG10-fjjxwtxzbqffzregbbnftzmmwvmv/Build/Products/Debug-iphonesimulator/RG10.app/Stripe_StripeUICore.bundle -scanforprivacyfile /Users/moneebsayed/Library/Developer/Xcode/DerivedData/RG10-fjjxwtxzbqffzregbbnftzmmwvmv/Build/Products/Debug-iphonesimulator/RG10.app/swift-crypto_Crypto.bundle -o /Users/moneebsayed/Library/Developer/Xcode/DerivedData/RG10-fjjxwtxzbqffzregbbnftzmmwvmv/Build/Products/Debug-iphonesimulator/RG10.app/Info.plist

** BUILD SUCCEEDED **

